../Core/Src/main.c:75:5:main	104	static
../Core/Src/main.c:160:6:send_Task1	40	static
../Core/Src/main.c:165:6:send_Task2	40	static
../Core/Src/main.c:170:6:SystemClock_Config	112	static
../Core/Src/main.c:219:13:MX_USART2_UART_Init	8	static
../Core/Src/main.c:254:13:MX_GPIO_Init	48	static
../Core/Src/main.c:286:6:Task1	16	static
../Core/Src/main.c:305:6:Task2	16	static
../Core/Src/main.c:324:6:Task3	16	static
../Core/Src/main.c:343:6:HAL_TIM_PeriodElapsedCallback	16	static
../Core/Src/main.c:360:6:Error_Handler	8	static,ignoring_inline_asm
